Archive member included to satisfy reference by file (symbol)

c:/program files/microchip/xc8/v2.32/avr/bin/../lib/gcc/avr/5.4.0/avr5/memx-const\libgcc.a(_exit.o)
                              C:/Program Files/Microchip/MPLABX/v5.50/packs/Microchip/ATmega_DFP/2.3.126/xc8/avr/lib/avr5/memx-const/crtatmega32a.o (exit)
c:/program files/microchip/xc8/v2.32/avr/bin/../lib/gcc/avr/5.4.0/../../../../avr/lib/avr5/memx-const\libc.a(itoa_ncheck.o)
                              build/default/production/mLCD.o (__itoa_ncheck)
c:/program files/microchip/xc8/v2.32/avr/bin/../lib/gcc/avr/5.4.0/../../../../avr/lib/avr5/memx-const\libc.a(utoa_ncheck.o)
                              c:/program files/microchip/xc8/v2.32/avr/bin/../lib/gcc/avr/5.4.0/../../../../avr/lib/avr5/memx-const\libc.a(itoa_ncheck.o) (__utoa_common)
c:/program files/microchip/xc8/v2.32/avr/bin/../lib/gcc/avr/5.4.0/../../../../avr/lib/avr5/memx-const\libc.a(strrev.o)
                              c:/program files/microchip/xc8/v2.32/avr/bin/../lib/gcc/avr/5.4.0/../../../../avr/lib/avr5/memx-const\libc.a(utoa_ncheck.o) (strrev)

Discarded input sections

 .data          0x0000000000000000        0x0 C:/Program Files/Microchip/MPLABX/v5.50/packs/Microchip/ATmega_DFP/2.3.126/xc8/avr/lib/avr5/memx-const/crtatmega32a.o
 .bss           0x0000000000000000        0x0 C:/Program Files/Microchip/MPLABX/v5.50/packs/Microchip/ATmega_DFP/2.3.126/xc8/avr/lib/avr5/memx-const/crtatmega32a.o
 .text          0x0000000000000000        0x0 build/default/production/main.o
 .data          0x0000000000000000        0x0 build/default/production/main.o
 .bss           0x0000000000000000        0x0 build/default/production/main.o
 .text          0x0000000000000000        0x0 build/default/production/mIO.o
 .data          0x0000000000000000        0x0 build/default/production/mIO.o
 .bss           0x0000000000000000        0x0 build/default/production/mIO.o
 .text.init_Leds
                0x0000000000000000        0xa build/default/production/mIO.o
 .text.init_Relay
                0x0000000000000000        0x4 build/default/production/mIO.o
 .text.init_Buzzer
                0x0000000000000000        0x4 build/default/production/mIO.o
 .text.set_Relay
                0x0000000000000000        0xc build/default/production/mIO.o
 .text.set_Led  0x0000000000000000       0x3c build/default/production/mIO.o
 .text.init_Buttons
                0x0000000000000000        0x8 build/default/production/mIO.o
 .text.isPressed_B
                0x0000000000000000       0x18 build/default/production/mIO.o
 .text.isPressed
                0x0000000000000000       0x70 build/default/production/mIO.o
 .text.setPortData
                0x0000000000000000       0x2a build/default/production/mIO.o
 .text.setPinDir
                0x0000000000000000       0xf0 build/default/production/mIO.o
 .text.setPinData
                0x0000000000000000       0xf0 build/default/production/mIO.o
 .text.togglePinData
                0x0000000000000000       0x72 build/default/production/mIO.o
 .text          0x0000000000000000        0x0 build/default/production/mUART.o
 .data          0x0000000000000000        0x0 build/default/production/mUART.o
 .bss           0x0000000000000000        0x0 build/default/production/mUART.o
 .text.init_uart
                0x0000000000000000        0x2 build/default/production/mUART.o
 .text.uart_send
                0x0000000000000000        0x2 build/default/production/mUART.o
 .text.uart_send_str
                0x0000000000000000        0x2 build/default/production/mUART.o
 .text.uart_send_Num
                0x0000000000000000        0x2 build/default/production/mUART.o
 .text.uart_receive_Num
                0x0000000000000000        0x6 build/default/production/mUART.o
 .text.uart_receive
                0x0000000000000000        0x4 build/default/production/mUART.o
 .text.uart_receive_str
                0x0000000000000000        0x6 build/default/production/mUART.o
 .debug_info    0x0000000000000000      0x38c build/default/production/mUART.o
 .debug_abbrev  0x0000000000000000       0x78 build/default/production/mUART.o
 .debug_aranges
                0x0000000000000000       0x50 build/default/production/mUART.o
 .debug_ranges  0x0000000000000000       0x40 build/default/production/mUART.o
 .debug_line    0x0000000000000000       0xa5 build/default/production/mUART.o
 .debug_str     0x0000000000000000        0x0 build/default/production/mUART.o
 .comment       0x0000000000000000       0x30 build/default/production/mUART.o
 .debug_frame   0x0000000000000000       0x84 build/default/production/mUART.o
 .text          0x0000000000000000        0x0 build/default/production/mLCD.o
 .data          0x0000000000000000        0x0 build/default/production/mLCD.o
 .bss           0x0000000000000000        0x0 build/default/production/mLCD.o
 .text.LCD_enable
                0x0000000000000000       0x2e build/default/production/mLCD.o
 .text.LCD_write
                0x0000000000000000       0x28 build/default/production/mLCD.o
 .text.LCD_cmd  0x0000000000000000       0x28 build/default/production/mLCD.o
 .text.LCD_clear
                0x0000000000000000       0x14 build/default/production/mLCD.o
 .text.init_LCD
                0x0000000000000000       0xac build/default/production/mLCD.o
 .text.LCD_write_str
                0x0000000000000000       0x1e build/default/production/mLCD.o
 .text.LCD_write_num
                0x0000000000000000       0x3a build/default/production/mLCD.o
 .debug_info    0x0000000000000000      0x8ce build/default/production/mLCD.o
 .debug_abbrev  0x0000000000000000      0x1be build/default/production/mLCD.o
 .debug_loc     0x0000000000000000      0x340 build/default/production/mLCD.o
 .debug_aranges
                0x0000000000000000       0x50 build/default/production/mLCD.o
 .debug_ranges  0x0000000000000000       0x40 build/default/production/mLCD.o
 .debug_line    0x0000000000000000      0x232 build/default/production/mLCD.o
 .debug_str     0x0000000000000000       0x3a build/default/production/mLCD.o
 .comment       0x0000000000000000       0x30 build/default/production/mLCD.o
 .debug_frame   0x0000000000000000       0xb0 build/default/production/mLCD.o
 .text          0x0000000000000000        0x0 build/default/production/mMotor.o
 .data          0x0000000000000000        0x0 build/default/production/mMotor.o
 .bss           0x0000000000000000        0x0 build/default/production/mMotor.o
 .text.init_Motor
                0x0000000000000000       0x88 build/default/production/mMotor.o
 .text.Motor_Forward
                0x0000000000000000       0x48 build/default/production/mMotor.o
 .text.Motor_Reverse
                0x0000000000000000       0x48 build/default/production/mMotor.o
 .text.Motor_Stop
                0x0000000000000000       0x68 build/default/production/mMotor.o
 .debug_info    0x0000000000000000      0x698 build/default/production/mMotor.o
 .debug_abbrev  0x0000000000000000       0x80 build/default/production/mMotor.o
 .debug_loc     0x0000000000000000      0x110 build/default/production/mMotor.o
 .debug_aranges
                0x0000000000000000       0x38 build/default/production/mMotor.o
 .debug_ranges  0x0000000000000000       0x28 build/default/production/mMotor.o
 .debug_line    0x0000000000000000      0x109 build/default/production/mMotor.o
 .debug_str     0x0000000000000000       0x1e build/default/production/mMotor.o
 .comment       0x0000000000000000       0x30 build/default/production/mMotor.o
 .debug_frame   0x0000000000000000       0x54 build/default/production/mMotor.o
 .text          0x0000000000000000        0x0 build/default/production/mLCD_4bit.o
 .data          0x0000000000000000        0x0 build/default/production/mLCD_4bit.o
 .bss           0x0000000000000000        0x0 build/default/production/mLCD_4bit.o
 .text.LCD_enable_4bit
                0x0000000000000000       0x2e build/default/production/mLCD_4bit.o
 .text.LCD_write_4bit
                0x0000000000000000       0x56 build/default/production/mLCD_4bit.o
 .text.LCD_write_str_4bit
                0x0000000000000000       0x1e build/default/production/mLCD_4bit.o
 .text.LCD_write_num_4bit
                0x0000000000000000       0x3a build/default/production/mLCD_4bit.o
 .text.LCD_cmd_4bit
                0x0000000000000000       0x62 build/default/production/mLCD_4bit.o
 .text.LCD_clear_4bit
                0x0000000000000000       0x14 build/default/production/mLCD_4bit.o
 .text.init_LCD_4bit
                0x0000000000000000       0x7a build/default/production/mLCD_4bit.o
 .debug_info    0x0000000000000000      0x8b8 build/default/production/mLCD_4bit.o
 .debug_abbrev  0x0000000000000000      0x1be build/default/production/mLCD_4bit.o
 .debug_loc     0x0000000000000000      0x33e build/default/production/mLCD_4bit.o
 .debug_aranges
                0x0000000000000000       0x50 build/default/production/mLCD_4bit.o
 .debug_ranges  0x0000000000000000       0x40 build/default/production/mLCD_4bit.o
 .debug_line    0x0000000000000000      0x255 build/default/production/mLCD_4bit.o
 .debug_str     0x0000000000000000       0x23 build/default/production/mLCD_4bit.o
 .comment       0x0000000000000000       0x30 build/default/production/mLCD_4bit.o
 .debug_frame   0x0000000000000000       0xb0 build/default/production/mLCD_4bit.o
 .text          0x0000000000000000        0x0 build/default/production/mExternalInterrupt.o
 .data          0x0000000000000000        0x0 build/default/production/mExternalInterrupt.o
 .bss           0x0000000000000000        0x0 build/default/production/mExternalInterrupt.o
 .text          0x0000000000000000        0x0 c:/program files/microchip/xc8/v2.32/avr/bin/../lib/gcc/avr/5.4.0/avr5/memx-const\libgcc.a(_exit.o)
 .data          0x0000000000000000        0x0 c:/program files/microchip/xc8/v2.32/avr/bin/../lib/gcc/avr/5.4.0/avr5/memx-const\libgcc.a(_exit.o)
 .bss           0x0000000000000000        0x0 c:/program files/microchip/xc8/v2.32/avr/bin/../lib/gcc/avr/5.4.0/avr5/memx-const\libgcc.a(_exit.o)
 .text.libgcc.mul
                0x0000000000000000        0x0 c:/program files/microchip/xc8/v2.32/avr/bin/../lib/gcc/avr/5.4.0/avr5/memx-const\libgcc.a(_exit.o)
 .text.libgcc.div
                0x0000000000000000        0x0 c:/program files/microchip/xc8/v2.32/avr/bin/../lib/gcc/avr/5.4.0/avr5/memx-const\libgcc.a(_exit.o)
 .text.libgcc   0x0000000000000000        0x0 c:/program files/microchip/xc8/v2.32/avr/bin/../lib/gcc/avr/5.4.0/avr5/memx-const\libgcc.a(_exit.o)
 .text.libgcc.prologue
                0x0000000000000000        0x0 c:/program files/microchip/xc8/v2.32/avr/bin/../lib/gcc/avr/5.4.0/avr5/memx-const\libgcc.a(_exit.o)
 .stack.descriptors
                0x0000000000000000       0x13 c:/program files/microchip/xc8/v2.32/avr/bin/../lib/gcc/avr/5.4.0/avr5/memx-const\libgcc.a(_exit.o)
 .text.libgcc.builtins
                0x0000000000000000        0x0 c:/program files/microchip/xc8/v2.32/avr/bin/../lib/gcc/avr/5.4.0/avr5/memx-const\libgcc.a(_exit.o)
 .text.libgcc.fmul
                0x0000000000000000        0x0 c:/program files/microchip/xc8/v2.32/avr/bin/../lib/gcc/avr/5.4.0/avr5/memx-const\libgcc.a(_exit.o)
 .text.libgcc.fixed
                0x0000000000000000        0x0 c:/program files/microchip/xc8/v2.32/avr/bin/../lib/gcc/avr/5.4.0/avr5/memx-const\libgcc.a(_exit.o)
 .text          0x0000000000000000        0x0 c:/program files/microchip/xc8/v2.32/avr/bin/../lib/gcc/avr/5.4.0/../../../../avr/lib/avr5/memx-const\libc.a(itoa_ncheck.o)
 .data          0x0000000000000000        0x0 c:/program files/microchip/xc8/v2.32/avr/bin/../lib/gcc/avr/5.4.0/../../../../avr/lib/avr5/memx-const\libc.a(itoa_ncheck.o)
 .bss           0x0000000000000000        0x0 c:/program files/microchip/xc8/v2.32/avr/bin/../lib/gcc/avr/5.4.0/../../../../avr/lib/avr5/memx-const\libc.a(itoa_ncheck.o)
 .text.avrlibc  0x0000000000000000       0x16 c:/program files/microchip/xc8/v2.32/avr/bin/../lib/gcc/avr/5.4.0/../../../../avr/lib/avr5/memx-const\libc.a(itoa_ncheck.o)
 .stack.descriptors.hdr
                0x0000000000000000        0xe c:/program files/microchip/xc8/v2.32/avr/bin/../lib/gcc/avr/5.4.0/../../../../avr/lib/avr5/memx-const\libc.a(itoa_ncheck.o)
 .stack.descriptors
                0x0000000000000000       0x1b c:/program files/microchip/xc8/v2.32/avr/bin/../lib/gcc/avr/5.4.0/../../../../avr/lib/avr5/memx-const\libc.a(itoa_ncheck.o)
 .text          0x0000000000000000        0x0 c:/program files/microchip/xc8/v2.32/avr/bin/../lib/gcc/avr/5.4.0/../../../../avr/lib/avr5/memx-const\libc.a(utoa_ncheck.o)
 .data          0x0000000000000000        0x0 c:/program files/microchip/xc8/v2.32/avr/bin/../lib/gcc/avr/5.4.0/../../../../avr/lib/avr5/memx-const\libc.a(utoa_ncheck.o)
 .bss           0x0000000000000000        0x0 c:/program files/microchip/xc8/v2.32/avr/bin/../lib/gcc/avr/5.4.0/../../../../avr/lib/avr5/memx-const\libc.a(utoa_ncheck.o)
 .text.avrlibc  0x0000000000000000       0x34 c:/program files/microchip/xc8/v2.32/avr/bin/../lib/gcc/avr/5.4.0/../../../../avr/lib/avr5/memx-const\libc.a(utoa_ncheck.o)
 .stack.descriptors.hdr
                0x0000000000000000        0xe c:/program files/microchip/xc8/v2.32/avr/bin/../lib/gcc/avr/5.4.0/../../../../avr/lib/avr5/memx-const\libc.a(utoa_ncheck.o)
 .stack.descriptors
                0x0000000000000000       0x36 c:/program files/microchip/xc8/v2.32/avr/bin/../lib/gcc/avr/5.4.0/../../../../avr/lib/avr5/memx-const\libc.a(utoa_ncheck.o)
 .text          0x0000000000000000        0x0 c:/program files/microchip/xc8/v2.32/avr/bin/../lib/gcc/avr/5.4.0/../../../../avr/lib/avr5/memx-const\libc.a(strrev.o)
 .data          0x0000000000000000        0x0 c:/program files/microchip/xc8/v2.32/avr/bin/../lib/gcc/avr/5.4.0/../../../../avr/lib/avr5/memx-const\libc.a(strrev.o)
 .bss           0x0000000000000000        0x0 c:/program files/microchip/xc8/v2.32/avr/bin/../lib/gcc/avr/5.4.0/../../../../avr/lib/avr5/memx-const\libc.a(strrev.o)
 .text.avrlibc  0x0000000000000000       0x20 c:/program files/microchip/xc8/v2.32/avr/bin/../lib/gcc/avr/5.4.0/../../../../avr/lib/avr5/memx-const\libc.a(strrev.o)
 .stack.descriptors.hdr
                0x0000000000000000        0xe c:/program files/microchip/xc8/v2.32/avr/bin/../lib/gcc/avr/5.4.0/../../../../avr/lib/avr5/memx-const\libc.a(strrev.o)
 .stack.descriptors
                0x0000000000000000       0x14 c:/program files/microchip/xc8/v2.32/avr/bin/../lib/gcc/avr/5.4.0/../../../../avr/lib/avr5/memx-const\libc.a(strrev.o)

Memory Configuration

Name             Origin             Length             Attributes
text             0x0000000000000000 0x0000000000008000 xr
data             0x0000000000800060 0x0000000000000800 rw !x
eeprom           0x0000000000810000 0x0000000000000400 rw !x
fuse             0x0000000000820000 0x0000000000000002 rw !x
lock             0x0000000000830000 0x0000000000000400 rw !x
signature        0x0000000000840000 0x0000000000000400 rw !x
user_signatures  0x0000000000850000 0x0000000000000400 rw !x
*default*        0x0000000000000000 0xffffffffffffffff

Linker script and memory map

LOAD C:/Program Files/Microchip/MPLABX/v5.50/packs/Microchip/ATmega_DFP/2.3.126/xc8/avr/lib/avr5/memx-const/crtatmega32a.o
                0x0000000000000001                __MPLAB_BUILD = 0x1
LOAD build/default/production/main.o
LOAD build/default/production/mIO.o
LOAD build/default/production/mUART.o
LOAD build/default/production/mLCD.o
LOAD build/default/production/mMotor.o
LOAD build/default/production/mLCD_4bit.o
LOAD build/default/production/mExternalInterrupt.o
START GROUP
LOAD c:/program files/microchip/xc8/v2.32/avr/bin/../lib/gcc/avr/5.4.0/../../../../avr/lib/avr5/memx-const\libm.a
END GROUP
START GROUP
LOAD c:/program files/microchip/xc8/v2.32/avr/bin/../lib/gcc/avr/5.4.0/avr5/memx-const\libgcc.a
LOAD c:/program files/microchip/xc8/v2.32/avr/bin/../lib/gcc/avr/5.4.0/../../../../avr/lib/avr5/memx-const\libm.a
LOAD c:/program files/microchip/xc8/v2.32/avr/bin/../lib/gcc/avr/5.4.0/../../../../avr/lib/avr5/memx-const\libc.a
LOAD C:/Program Files/Microchip/MPLABX/v5.50/packs/Microchip/ATmega_DFP/2.3.126/xc8/avr/lib/avr5/memx-const\libatmega32a.a
END GROUP
                [0x0000000000000000]                __TEXT_REGION_ORIGIN__ = DEFINED (__TEXT_REGION_ORIGIN__)?__TEXT_REGION_ORIGIN__:0x0
                [0x0000000000800060]                __DATA_REGION_ORIGIN__ = DEFINED (__DATA_REGION_ORIGIN__)?__DATA_REGION_ORIGIN__:0x800060
                [0x0000000000008000]                __TEXT_REGION_LENGTH__ = DEFINED (__TEXT_REGION_LENGTH__)?__TEXT_REGION_LENGTH__:0x20000
                [0x0000000000000800]                __DATA_REGION_LENGTH__ = DEFINED (__DATA_REGION_LENGTH__)?__DATA_REGION_LENGTH__:0xffa0
                [0x0000000000000400]                __EEPROM_REGION_LENGTH__ = DEFINED (__EEPROM_REGION_LENGTH__)?__EEPROM_REGION_LENGTH__:0x10000
                [0x0000000000000002]                __FUSE_REGION_LENGTH__ = DEFINED (__FUSE_REGION_LENGTH__)?__FUSE_REGION_LENGTH__:0x400
                0x0000000000000400                __LOCK_REGION_LENGTH__ = DEFINED (__LOCK_REGION_LENGTH__)?__LOCK_REGION_LENGTH__:0x400
                0x0000000000000400                __SIGNATURE_REGION_LENGTH__ = DEFINED (__SIGNATURE_REGION_LENGTH__)?__SIGNATURE_REGION_LENGTH__:0x400
                0x0000000000000400                __USER_SIGNATURE_REGION_LENGTH__ = DEFINED (__USER_SIGNATURE_REGION_LENGTH__)?__USER_SIGNATURE_REGION_LENGTH__:0x400

.hash
 *(.hash)

.dynsym
 *(.dynsym)

.dynstr
 *(.dynstr)

.gnu.version
 *(.gnu.version)

.gnu.version_d
 *(.gnu.version_d)

.gnu.version_r
 *(.gnu.version_r)

.rel.init
 *(.rel.init)

.rela.init
 *(.rela.init)

.rel.text
 *(.rel.text)
 *(.rel.text.*)
 *(.rel.gnu.linkonce.t*)

.rela.text
 *(.rela.text)
 *(.rela.text.*)
 *(.rela.gnu.linkonce.t*)

.rel.fini
 *(.rel.fini)

.rela.fini
 *(.rela.fini)

.rel.rodata
 *(.rel.rodata)
 *(.rel.rodata.*)
 *(.rel.gnu.linkonce.r*)

.rela.rodata
 *(.rela.rodata)
 *(.rela.rodata.*)
 *(.rela.gnu.linkonce.r*)

.rel.data
 *(.rel.data)
 *(.rel.data.*)
 *(.rel.gnu.linkonce.d*)

.rela.data
 *(.rela.data)
 *(.rela.data.*)
 *(.rela.gnu.linkonce.d*)

.rel.ctors
 *(.rel.ctors)

.rela.ctors
 *(.rela.ctors)

.rel.dtors
 *(.rel.dtors)

.rela.dtors
 *(.rela.dtors)

.rel.got
 *(.rel.got)

.rela.got
 *(.rela.got)

.rel.bss
 *(.rel.bss)

.rela.bss
 *(.rela.bss)

.rel.plt
 *(.rel.plt)

.rela.plt
 *(.rela.plt)

.text           0x0000000000000000       0x6c
 *(.vectors)
 .vectors       0x0000000000000000       0x54 C:/Program Files/Microchip/MPLABX/v5.50/packs/Microchip/ATmega_DFP/2.3.126/xc8/avr/lib/avr5/memx-const/crtatmega32a.o
                0x0000000000000000                __vector_default
                0x0000000000000000                __vectors
 *(.vectors)
 *(.progmem.gcc*)
 *(.dinit)
 .dinit         0x0000000000000054        0x0 data_init
                0x0000000000000054                . = ALIGN (0x2)
                0x0000000000000054                __trampolines_start = .
 *(.trampolines)
 .trampolines   0x0000000000000054        0x0 linker stubs
 *(.trampolines*)
                0x0000000000000054                __trampolines_end = .
 *libprintf_flt.a:*(.progmem.data)
 *libc.a:*(.progmem.data)
                0x0000000000000054                . = ALIGN (0x2)
 *(.jumptables)
 *(.jumptables*)
 *(.lowtext)
 *(.lowtext*)
                0x0000000000000054                __ctors_start = .
 *(.ctors)
                0x0000000000000054                __ctors_end = .
                0x0000000000000054                __dtors_start = .
 *(.dtors)
                0x0000000000000054                __dtors_end = .
 SORT(*)(.ctors)
 SORT(*)(.dtors)
 *(.init0)
 .init0         0x0000000000000054        0x0 C:/Program Files/Microchip/MPLABX/v5.50/packs/Microchip/ATmega_DFP/2.3.126/xc8/avr/lib/avr5/memx-const/crtatmega32a.o
                0x0000000000000054                __init
 *(.init0)
 *(.init1)
 *(.init1)
 *(.init2)
 .init2         0x0000000000000054        0xc C:/Program Files/Microchip/MPLABX/v5.50/packs/Microchip/ATmega_DFP/2.3.126/xc8/avr/lib/avr5/memx-const/crtatmega32a.o
 *(.init2)
 *(.init3)
 *(.init3)
 *(.init4)
 *(.init4)
 *(.init5)
 *(.init5)
 *(.init6)
 *(.init6)
 *(.init7)
 *(.init7)
 *(.init8)
 *(.init8)
 *(.init9)
 .init9         0x0000000000000060        0x8 C:/Program Files/Microchip/MPLABX/v5.50/packs/Microchip/ATmega_DFP/2.3.126/xc8/avr/lib/avr5/memx-const/crtatmega32a.o
 *(.init9)
                0x0000000000000068                . = ALIGN (0x2)
 *(.fini9)
 .fini9         0x0000000000000068        0x0 c:/program files/microchip/xc8/v2.32/avr/bin/../lib/gcc/avr/5.4.0/avr5/memx-const\libgcc.a(_exit.o)
                0x0000000000000068                _exit
                0x0000000000000068                exit
 *(.fini9)
 *(.fini8)
 *(.fini8)
 *(.fini7)
 *(.fini7)
 *(.fini6)
 *(.fini6)
 *(.fini5)
 *(.fini5)
 *(.fini4)
 *(.fini4)
 *(.fini3)
 *(.fini3)
 *(.fini2)
 *(.fini2)
 *(.fini1)
 *(.fini1)
 *(.fini0)
 .fini0         0x0000000000000068        0x4 c:/program files/microchip/xc8/v2.32/avr/bin/../lib/gcc/avr/5.4.0/avr5/memx-const\libgcc.a(_exit.o)
 *(.fini0)
                0x000000000000006c                _etext = .

.data           0x0000000000800060        0x0 load address 0x000000000000006c
                [!provide]                        PROVIDE (__data_start, .)
 *(.gnu.linkonce.d*)
 *(.gnu.linkonce.r*)
                0x0000000000800060                . = ALIGN (0x2)
                0x0000000000800060                _edata = .
                [!provide]                        PROVIDE (__data_end, .)

.bss            0x0000000000800060        0x0
                [!provide]                        PROVIDE (__bss_start, .)
 *(COMMON)
                [!provide]                        PROVIDE (__bss_end, .)
                0x000000000000006c                __data_load_start = LOADADDR (.data)
                0x000000000000006c                __data_load_end = (__data_load_start + SIZEOF (.data))

.noinit         0x0000000000800060        0x0
                [!provide]                        PROVIDE (__noinit_start, .)
 *(.noinit*)
                [!provide]                        PROVIDE (__noinit_end, .)
                0x0000000000800060                _end = .

.eeprom         0x0000000000810000        0x0
 *(.eeprom*)
                0x0000000000810000                __eeprom_end = .

.fuse
 *(.fuse)
 *(.lfuse)
 *(.hfuse)
 *(.efuse)

.lock
 *(.lock*)

.signature
 *(.signature*)

.user_signatures
 *(.user_signatures*)

.stab
 *(.stab)

.stabstr
 *(.stabstr)

.stab.excl
 *(.stab.excl)

.stab.exclstr
 *(.stab.exclstr)

.stab.index
 *(.stab.index)

.stab.indexstr
 *(.stab.indexstr)

.comment        0x0000000000000000       0x2f
 *(.comment)
 .comment       0x0000000000000000       0x2f build/default/production/main.o
                                         0x30 (size before relaxing)
 .comment       0x000000000000002f       0x30 build/default/production/mIO.o
 .comment       0x000000000000002f       0x30 build/default/production/mExternalInterrupt.o

.stack.descriptors.hdr
                0x0000000000000000        0xe
 .stack.descriptors.hdr
                0x0000000000000000        0xe c:/program files/microchip/xc8/v2.32/avr/bin/../lib/gcc/avr/5.4.0/avr5/memx-const\libgcc.a(_exit.o)

.note.gnu.build-id
 *(.note.gnu.build-id)

.debug
 *(.debug)

.line
 *(.line)

.debug_srcinfo
 *(.debug_srcinfo)

.debug_sfnames
 *(.debug_sfnames)

.debug_aranges  0x0000000000000000       0xd0
 *(.debug_aranges)
 .debug_aranges
                0x0000000000000000       0x28 build/default/production/main.o
 .debug_aranges
                0x0000000000000028       0x88 build/default/production/mIO.o
 .debug_aranges
                0x00000000000000b0       0x20 build/default/production/mExternalInterrupt.o

.debug_pubnames
 *(.debug_pubnames)

.debug_info     0x0000000000000000      0xff5
 *(.debug_info .gnu.linkonce.wi.*)
 .debug_info    0x0000000000000000      0x4e6 C:/Program Files/Microchip/MPLABX/v5.50/packs/Microchip/ATmega_DFP/2.3.126/xc8/avr/lib/avr5/memx-const/crtatmega32a.o
 .debug_info    0x00000000000004e6      0x2c5 build/default/production/main.o
 .debug_info    0x00000000000007ab      0x5fa build/default/production/mIO.o
 .debug_info    0x0000000000000da5      0x250 build/default/production/mExternalInterrupt.o

.debug_abbrev   0x0000000000000000      0x6ee
 *(.debug_abbrev)
 .debug_abbrev  0x0000000000000000      0x4a3 C:/Program Files/Microchip/MPLABX/v5.50/packs/Microchip/ATmega_DFP/2.3.126/xc8/avr/lib/avr5/memx-const/crtatmega32a.o
 .debug_abbrev  0x00000000000004a3       0x9d build/default/production/main.o
 .debug_abbrev  0x0000000000000540      0x166 build/default/production/mIO.o
 .debug_abbrev  0x00000000000006a6       0x48 build/default/production/mExternalInterrupt.o

.debug_line     0x0000000000000000      0x5b7
 *(.debug_line .debug_line.* .debug_line_end)
 .debug_line    0x0000000000000000      0x119 C:/Program Files/Microchip/MPLABX/v5.50/packs/Microchip/ATmega_DFP/2.3.126/xc8/avr/lib/avr5/memx-const/crtatmega32a.o
 .debug_line    0x0000000000000119       0x83 build/default/production/main.o
 .debug_line    0x000000000000019c      0x3db build/default/production/mIO.o
 .debug_line    0x0000000000000577       0x40 build/default/production/mExternalInterrupt.o

.debug_frame    0x0000000000000000      0x194
 *(.debug_frame)
 .debug_frame   0x0000000000000000       0x7c build/default/production/main.o
 .debug_frame   0x000000000000007c       0xf4 build/default/production/mIO.o
 .debug_frame   0x0000000000000170       0x24 build/default/production/mExternalInterrupt.o

.debug_str      0x0000000000000000      0x1ce
 *(.debug_str)
 .debug_str     0x0000000000000000      0x196 C:/Program Files/Microchip/MPLABX/v5.50/packs/Microchip/ATmega_DFP/2.3.126/xc8/avr/lib/avr5/memx-const/crtatmega32a.o
 .debug_str     0x0000000000000196       0x23 build/default/production/main.o
 .debug_str     0x00000000000001b9       0x15 build/default/production/mIO.o
 .debug_str     0x00000000000001ce        0x0 build/default/production/mExternalInterrupt.o

.debug_loc      0x0000000000000000      0x50c
 *(.debug_loc)
 .debug_loc     0x0000000000000000      0x50c build/default/production/mIO.o

.debug_macinfo
 *(.debug_macinfo)

.debug_weaknames
 *(.debug_weaknames)

.debug_funcnames
 *(.debug_funcnames)

.debug_typenames
 *(.debug_typenames)

.debug_varnames
 *(.debug_varnames)

.debug_pubtypes
 *(.debug_pubtypes)

.debug_ranges   0x0000000000000000       0xa0
 *(.debug_ranges)
 .debug_ranges  0x0000000000000000       0x18 build/default/production/main.o
 .debug_ranges  0x0000000000000018       0x78 build/default/production/mIO.o
 .debug_ranges  0x0000000000000090       0x10 build/default/production/mExternalInterrupt.o

.debug_macro
 *(.debug_macro)
OUTPUT(dist/default/production/Alex22_IO.X.production.elf elf32-avr)
LOAD linker stubs
LOAD data_init

.note.gnu.avr.deviceinfo
                0x0000000000000000       0x3c
 .note.gnu.avr.deviceinfo
                0x0000000000000000       0x3c C:/Program Files/Microchip/MPLABX/v5.50/packs/Microchip/ATmega_DFP/2.3.126/xc8/avr/lib/avr5/memx-const/crtatmega32a.o

.text.setPortDir
                0x000000000000006c       0x60
 .text.setPortDir
                0x000000000000006c       0x60 build/default/production/mIO.o
                0x000000000000006c                setPortDir

.text.__vector_1
                0x00000000000000cc       0x4c
 .text.__vector_1
                0x00000000000000cc       0x4c build/default/production/main.o
                0x00000000000000cc                __vector_1

.text.togglePortData
                0x0000000000000118       0x3a
 .text.togglePortData
                0x0000000000000118       0x3a build/default/production/mIO.o
                0x0000000000000118                togglePortData

.text.main      0x0000000000000152       0x1c
 .text.main     0x0000000000000152       0x1c build/default/production/main.o
                0x0000000000000152                main

.text           0x000000000000016e        0x4
 .text          0x000000000000016e        0x4 C:/Program Files/Microchip/MPLABX/v5.50/packs/Microchip/ATmega_DFP/2.3.126/xc8/avr/lib/avr5/memx-const/crtatmega32a.o
                0x000000000000016e                __vector_12
                0x000000000000016e                __bad_interrupt
                0x000000000000016e                __vector_6
                0x000000000000016e                __vector_3
                0x000000000000016e                __vector_11
                0x000000000000016e                __vector_13
                0x000000000000016e                __vector_17
                0x000000000000016e                __vector_19
                0x000000000000016e                __vector_7
                0x000000000000016e                __vector_5
                0x000000000000016e                __vector_4
                0x000000000000016e                __vector_9
                0x000000000000016e                __vector_2
                0x000000000000016e                __vector_15
                0x000000000000016e                __vector_8
                0x000000000000016e                __vector_14
                0x000000000000016e                __vector_10
                0x000000000000016e                __vector_16
                0x000000000000016e                __vector_18
                0x000000000000016e                __vector_20

.text.init_INT  0x0000000000000172        0x2
 .text.init_INT
                0x0000000000000172        0x2 build/default/production/mExternalInterrupt.o
                0x0000000000000172                init_INT
